name: play-with-vars
vars:
  astring: '["foo", "bar"]'
  multipleVars: {"coo": "car"}
  multipleVarsSecondSyntax: 
    goo: gar
  aQuote: 'foo"bar'

testcases:
- name: foobar
  steps:
  - script: echo '{{.astring}}'
    info: 'value of astring is {{.astring}}'
    assertions:
    - result.systemoutjson.systemoutjson0 ShouldEqual foo
    - result.systemoutjson.systemoutjson1 ShouldEqual bar
    - 'result.systemout ShouldEqual ["foo", "bar"]'

- name: coocar
  steps:
  - script: echo '{{.multipleVars.coo}}'
    info: value of multipleVars.coo is {{.multipleVars.coo}}
    assertions:
    - result.systemout ShouldEqual car

- name: goocar
  steps:
  - script: echo '{{.multipleVarsSecondSyntax.goo}}'
    info: value of multipleVarsSecondSyntax.goo is {{.multipleVarsSecondSyntax.goo}}
    assertions:
    - result.systemout ShouldEqual gar

- name: aQuote
  steps:
  - script: echo '{{.aQuote}}'
    info: value of aQuote is {{.aQuote}}
    assertions:
    - result.systemout ShouldEqual foo"bar