name: testsuite with a user executor
testcases:
- name: testJSON
  steps:
  - type: hello
    myarg: World
    assertions:
    - result.display.hello ShouldEqual World
    - result.therawout ShouldEqual '{"hello":"World"}'
    - result.therawoutjson.hello ShouldEqual World

- name: testA
  steps:
  - type: hello
    myarg: World
    assertions:
    - result.display.hello ShouldEqual World

- name: testAResultDisplay
  steps:
  - script: echo '{{.testA.result.therawout}}'
    info: value is "{{.testA.result.therawout}}"
    assertions:
    - result.systemoutjson.hello ShouldEqual World

- name: testB
  steps:
  - script: echo "{{.testA.result.display.hello}}"
    assertions:
    - result.systemout ShouldEqual {{.testA.result.display.hello}}

- name: testfoobar
  steps:
  - type: foobar
    bar: hop
    assertions:
    - result.foobar ShouldEqual foo-hop